Microchip MPLAB XC8 Compiler V2.00 ()

Linker command line:

-W-3 --edf=C:\Program Files (x86)\Microchip\xc8\v2.00\pic\dat\en_msgs.txt \
  -cs -h+dist/default/production\keyboard.X.production.sym \
  --cmf=dist/default/production\keyboard.X.production.cmf -z -Q16F887 \
  -oC:\Users\20185641\AppData\Local\Temp\s1hc.2 \
  -Mdist/default/production/keyboard.X.production.map -E1 -ver=XC8 \
  --acfsm=1493 -ASTACK=0110h-016fh -pstack=STACK -ACODE=00h-07FFhx4 \
  -ASTRCODE=00h-01FFFh -ASTRING=00h-0FFhx32 -ACONST=00h-0FFhx32 \
  -AENTRY=00h-0FFhx32 -ACOMMON=070h-07Fh -ABANK0=020h-06Fh \
  -ABANK1=0A0h-0EFh -ABANK2=0110h-016Fh -ABANK3=0190h-01EFh \
  -ARAM=020h-06Fh,0A0h-0EFh,0110h-016Fh,0190h-01EFh \
  -AABS1=020h-07Fh,0A0h-0EFh,0110h-016Fh,0190h-01EFh -ASFR0=00h-01Fh \
  -ASFR1=080h-09Fh -ASFR2=0100h-010Fh -ASFR3=0180h-018Fh \
  -preset_vec=00h,intentry,init,end_init -ppowerup=CODE -pcinit=CODE \
  -pfunctab=ENTRY -ACONFIG=02007h-02008h -pconfig=CONFIG -DCONFIG=2 \
  -AIDLOC=02000h-02003h -pidloc=IDLOC -DIDLOC=2 -AEEDATA=00h-0FFh/02100h \
  -peeprom_data=EEDATA -DEEDATA=2 -DCODE=2 -DSTRCODE=2 -DSTRING=2 -DCONST=2 \
  -DENTRY=2 -k C:\Users\20185641\AppData\Local\Temp\s1hc.o \
  dist/default/production\keyboard.X.production.o 

Object code version is 3.11

Machine type is 16F887



                Name                               Link     Load   Length Selector   Space Scale
C:\Users\20185641\AppData\Local\Temp\s1hc.o
                end_init                              0        0        3        0       0
                config                             2007     2007        2     400E       0
dist/default/production\keyboard.X.production.o
                cinit                               7EE      7EE       12      FDC       0
                text8                               45B      45B       17      8B6       0
                text7                               4B0      4B0       2F      960       0
                text6                               57E      57E       80      AFC       0
                text5                               435      435       13      86A       0
                text4                               4DF      4DF       3B      9BE       0
                text3                               48C      48C       24      918       0
                text2                               51A      51A       64      A34       0
                text1                               42A      42A        B      854       0
                maintext                            5FE      5FE      1F0      BFC       0
                cstackBANK0                          3A       3A       10       20       1
                cstackCOMMON                         70       70        E       70       1
                inittext                            448      448       13      890       0
                dataBANK0                            20       20       1A       20       1
                strings                               3        3       A9        6       0
                idataBANK0                          472      472       1A      8E4       0

TOTAL           Name                               Link     Load   Length     Space
        CLASS   STACK          

        CLASS   CODE           
                end_init                              0        0        3         0
                cinit                               7EE      7EE       12         0
                text8                               45B      45B       17         0
                text7                               4B0      4B0       2F         0
                text6                               57E      57E       80         0
                text5                               435      435       13         0
                text4                               4DF      4DF       3B         0
                text3                               48C      48C       24         0
                text2                               51A      51A       64         0
                text1                               42A      42A        B         0
                maintext                            5FE      5FE      1F0         0
                inittext                            448      448       13         0
                idataBANK0                          472      472       1A         0

        CLASS   STRCODE        

        CLASS   STRING         
                strings                               3        3       A9         0

        CLASS   CONST          

        CLASS   ENTRY          

        CLASS   COMMON         
                cstackCOMMON                         70       70        E         1

        CLASS   BANK0          
                cstackBANK0                          3A       3A       10         1
                dataBANK0                            20       20       1A         1

        CLASS   BANK1          

        CLASS   BANK2          

        CLASS   BANK3          

        CLASS   RAM            

        CLASS   ABS1           
                abs_s1                               7E       7E        2         1

        CLASS   SFR0           

        CLASS   SFR1           

        CLASS   SFR2           

        CLASS   SFR3           

        CLASS   CONFIG         
                config                             2007     2007        2         0

        CLASS   IDLOC          

        CLASS   EEDATA         



SEGMENTS        Name                           Load    Length   Top    Selector   Space  Class     Delta

                reset_vec                      000000  000003  000003         0       0  CODE        2
                strings                        000003  0000A9  0000AC         6       0  STRING      2
                dataBANK0                      000020  00002A  00004A        20       1  BANK0       1
                cstackCOMMON                   000070  00000E  00007E        70       1  COMMON      1
                text1                          00042A  00000B  000435       854       0  CODE        2
                text5                          000435  000013  000448       86A       0  CODE        2
                inittext                       000448  000013  00045B       890       0  CODE        2
                text8                          00045B  000017  000472       8B6       0  CODE        2
                idataBANK0                     000472  00001A  00048C       8E4       0  CODE        2
                text3                          00048C  000024  0004B0       918       0  CODE        2
                text7                          0004B0  00002F  0004DF       960       0  CODE        2
                text4                          0004DF  00003B  00051A       9BE       0  CODE        2
                text2                          00051A  000064  00057E       A34       0  CODE        2
                text6                          00057E  000080  0005FE       AFC       0  CODE        2
                maintext                       0005FE  0001F0  0007EE       BFC       0  CODE        2
                cinit                          0007EE  000012  000800       FDC       0  CODE        2
                config                         002007  000002  002009      400E       0  CONFIG      2


UNUSED ADDRESS RANGES

        Name                Unused          Largest block    Delta
        BANK0            004A-006F             26           1
        BANK1            00A0-00EF             50           1
        BANK2            0110-016F             60           1
        BANK3            0190-01EF             60           1
        CODE             00AC-0429            37E           2
                         0800-1FFF            800
        CONST            00AC-0429            100           2
                         0800-1FFF            100
        EEDATA           2100-21FF            100           2
        ENTRY            00AC-0429            100           2
                         0800-1FFF            100
        IDLOC            2000-2003              4           2
        RAM              004A-006F             26           1
                         00A0-00EF             50
                         0110-016F             60
                         0190-01EF             60
        SFR0             0000-001F             20           1
        SFR1             0080-009F             20           1
        SFR2             0100-010F             10           1
        SFR3             0180-018F             10           1
        STACK            0110-016F             60           1
        STRCODE          00AC-0429            37E           2
                         0800-1FFF           1800
        STRING           00AC-0429            100           2
                         0800-1FFF            100

                                  Symbol Table

?_teclado                 cstackCOMMON 0070
_ANSELH                   (abs)        0189
_LCDbits                  (abs)        0008
_PORTB                    (abs)        0006
_TRISB                    (abs)        0086
_TRISDbits                (abs)        0088
__CFG_BOR4V$BOR40V        (abs)        0000
__CFG_BOREN$OFF           (abs)        0000
__CFG_CP$OFF              (abs)        0000
__CFG_CPD$OFF             (abs)        0000
__CFG_FCMEN$OFF           (abs)        0000
__CFG_FOSC$INTRC_NOCLKOUT (abs)        0000
__CFG_IESO$OFF            (abs)        0000
__CFG_LVP$OFF             (abs)        0000
__CFG_MCLRE$OFF           (abs)        0000
__CFG_PWRTE$OFF           (abs)        0000
__CFG_WDTE$OFF            (abs)        0000
__CFG_WRT$OFF             (abs)        0000
__Habs1                   abs1         0000
__Hbank0                  bank0        0000
__Hbank1                  bank1        0000
__Hbank2                  bank2        0000
__Hbank3                  bank3        0000
__Hcinit                  cinit        0800
__Hclrtext                clrtext      0000
__Hcode                   code         0000
__Hcommon                 common       0000
__Hconfig                 config       2009
__HcstackBANK0            cstackBANK0  0000
__HcstackCOMMON           cstackCOMMON 0000
__HdataBANK0              dataBANK0    0000
__Heeprom_data            eeprom_data  0000
__Hend_init               end_init     0003
__Hfunctab                functab      0000
__HidataBANK0             idataBANK0   0000
__Hidloc                  idloc        0000
__Hinit                   init         0000
__Hinittext               inittext     0000
__Hintentry               intentry     0000
__Hmaintext               maintext     0000
__Hpowerup                powerup      0000
__Hram                    ram          0000
__Hreset_vec              reset_vec    0000
__Hsfr0                   sfr0         0000
__Hsfr1                   sfr1         0000
__Hsfr2                   sfr2         0000
__Hsfr3                   sfr3         0000
__Hspace_0                (abs)        2009
__Hspace_1                (abs)        007E
__Hspace_2                (abs)        0000
__Hspace_3                (abs)        0000
__Hstack                  stack        0000
__Hstrings                strings      0000
__Htext                   text         0000
__Labs1                   abs1         0000
__Lbank0                  bank0        0000
__Lbank1                  bank1        0000
__Lbank2                  bank2        0000
__Lbank3                  bank3        0000
__Lcinit                  cinit        07EE
__Lclrtext                clrtext      0000
__Lcode                   code         0000
__Lcommon                 common       0000
__Lconfig                 config       2007
__LcstackBANK0            cstackBANK0  0000
__LcstackCOMMON           cstackCOMMON 0000
__LdataBANK0              dataBANK0    0000
__Leeprom_data            eeprom_data  0000
__Lend_init               end_init     0000
__Lfunctab                functab      0000
__LidataBANK0             idataBANK0   0000
__Lidloc                  idloc        0000
__Linit                   init         0000
__Linittext               inittext     0000
__Lintentry               intentry     0000
__Lmaintext               maintext     0000
__Lpowerup                powerup      0000
__Lram                    ram          0000
__Lreset_vec              reset_vec    0000
__Lsfr0                   sfr0         0000
__Lsfr1                   sfr1         0000
__Lsfr2                   sfr2         0000
__Lsfr3                   sfr3         0000
__Lspace_0                (abs)        0000
__Lspace_1                (abs)        0000
__Lspace_2                (abs)        0000
__Lspace_3                (abs)        0000
__Lstack                  stack        0000
__Lstrings                strings      0000
__Ltext                   text         0000
__S0                      (abs)        2009
__S1                      (abs)        007E
__S2                      (abs)        0000
__S3                      (abs)        0000
___int_sp                 stack        0000
___latbits                (abs)        0002
___sp                     stack        0000
__end_of__initialization  cinit        07FC
__end_of__stringtab       strings      0013
__end_of_delay            text8        0472
__end_of_dispLCD          text4        051A
__end_of_dispLCD_dataReg  text7        04DF
__end_of_dispLCD_init     text3        04B0
__end_of_dispLCD_instReg  text6        05FE
__end_of_dispLCD_lincol   text5        0448
__end_of_main             maintext     07EE
__end_of_teclado          text2        057E
__end_of_teclado_init     text1        0435
__initialization          cinit        07EE
__pcstackBANK0            cstackBANK0  003A
__pcstackCOMMON           cstackCOMMON 0070
__pdataBANK0              dataBANK0    0020
__pidataBANK0             idataBANK0   0472
__pmaintext               maintext     05FE
__pstrings                strings      0003
__ptext1                  text1        042A
__ptext2                  text2        051A
__ptext3                  text3        048C
__ptext4                  text4        04DF
__ptext5                  text5        0435
__ptext6                  text6        057E
__ptext7                  text7        04B0
__ptext8                  text8        045B
__size_of_delay           (abs)        0000
__size_of_dispLCD         (abs)        0000
__size_of_dispLCD_dataReg (abs)        0000
__size_of_dispLCD_init    (abs)        0000
__size_of_dispLCD_instReg (abs)        0000
__size_of_dispLCD_lincol  (abs)        0000
__size_of_main            (abs)        0000
__size_of_teclado         (abs)        0000
__size_of_teclado_init    (abs)        0000
__stringbase              strings      0012
__stringtab               strings      0003
_delay                    text8        045B
_dispLCD                  text4        04DF
_dispLCD_dataReg          text7        04B0
_dispLCD_init             text3        048C
_dispLCD_instReg          text6        057E
_dispLCD_lincol           text5        0435
_main                     maintext     05FE
_tabTeclado               dataBANK0    0020
_teclado                  text2        051A
_teclado_init             text1        042A
btemp                     (abs)        007E
delay@t                   cstackCOMMON 0070
dispLCD@col               cstackCOMMON 0076
dispLCD@lin               cstackCOMMON 007B
dispLCD@pos               cstackCOMMON 007A
dispLCD@str               cstackCOMMON 0077
dispLCD_dataReg@d         cstackCOMMON 0072
dispLCD_instReg@i         cstackCOMMON 0072
dispLCD_lincol@col        cstackCOMMON 0073
dispLCD_lincol@lin        cstackCOMMON 0075
end_of_initialization     cinit        07FC
init_fetch0               inittext     0448
init_ram0                 inittext     044C
intlevel0                 functab      0000
intlevel1                 functab      0000
intlevel2                 functab      0000
intlevel3                 functab      0000
intlevel4                 functab      0000
intlevel5                 functab      0000
main@F1282                dataBANK0    0035
main@F1284                dataBANK0    0030
main@aux                  cstackBANK0  0044
main@cont_passwd          cstackBANK0  0045
main@estado               cstackBANK0  0046
main@estado_senha         cstackBANK0  0047
main@i                    cstackBANK0  0048
main@passwd               cstackBANK0  003A
main@password             cstackBANK0  003F
main@tecla                cstackBANK0  0049
reset_vec                 reset_vec    0000
stackhi                   (abs)        0000
stacklo                   (abs)        0000
start                     init         0000
start_initialization      cinit        07EE
teclado@c                 cstackCOMMON 0077
teclado@l                 cstackCOMMON 0078
teclado@tecla             cstackCOMMON 0076
wtemp0                    (abs)        007E


FUNCTION INFORMATION:

 *************** function _main *****************
 Defined at:
		line 9 in file "main.c"
 Parameters:    Size  Location     Type
		None
 Auto vars:     Size  Location     Type
  password        5    5[BANK0 ] unsigned char [5]
  passwd          5    0[BANK0 ] unsigned char [5]
  tecla           1   15[BANK0 ] unsigned char 
  i               1   14[BANK0 ] unsigned char 
  estado_senha    1   13[BANK0 ] unsigned char 
  estado          1   12[BANK0 ] unsigned char 
  cont_passwd     1   11[BANK0 ] unsigned char 
  aux             1   10[BANK0 ] unsigned char 
 Return value:  Size  Location     Type
                  1    wreg      void 
 Registers used:
		wreg, fsr0l, fsr0h, status,2, status,0, btemp+1, pclath, cstack
 Tracked objects:
		On entry : 
		On exit  : 
		Unchanged: 
 Data sizes:     COMMON   BANK0   BANK1   BANK3   BANK2
      Params:         0       0       0       0       0
      Locals:         0      16       0       0       0
      Temps:          2       0       0       0       0
      Totals:         2      16       0       0       0
Total ram usage:       18 bytes
 Hardware stack levels required when called:    3
 This function calls:
		_delay
		_dispLCD
		_dispLCD_init
		_teclado
		_teclado_init
 This function is called by:
		Startup code after reset
 This function uses a non-reentrant model


 *************** function _teclado_init *****************
 Defined at:
		line 7 in file "teclado.c"
 Parameters:    Size  Location     Type
		None
 Auto vars:     Size  Location     Type
		None
 Return value:  Size  Location     Type
                  1    wreg      void 
 Registers used:
		wreg, status,2
 Tracked objects:
		On entry : 
		On exit  : 
		Unchanged: 
 Data sizes:     COMMON   BANK0   BANK1   BANK3   BANK2
      Params:         0       0       0       0       0
      Locals:         0       0       0       0       0
      Temps:          0       0       0       0       0
      Totals:         0       0       0       0       0
Total ram usage:        0 bytes
 Hardware stack levels used:    1
 This function calls:
		Nothing
 This function is called by:
		_main
 This function uses a non-reentrant model


 *************** function _teclado *****************
 Defined at:
		line 22 in file "teclado.c"
 Parameters:    Size  Location     Type
		None
 Auto vars:     Size  Location     Type
  l               1    8[COMMON] unsigned char 
  c               1    7[COMMON] unsigned char 
  tecla           1    6[COMMON] unsigned char 
 Return value:  Size  Location     Type
                  2    0[COMMON] int 
 Registers used:
		wreg, fsr0l, fsr0h, status,2, status,0
 Tracked objects:
		On entry : 
		On exit  : 
		Unchanged: 
 Data sizes:     COMMON   BANK0   BANK1   BANK3   BANK2
      Params:         2       0       0       0       0
      Locals:         3       0       0       0       0
      Temps:          4       0       0       0       0
      Totals:         9       0       0       0       0
Total ram usage:        9 bytes
 Hardware stack levels used:    1
 This function calls:
		Nothing
 This function is called by:
		_main
 This function uses a non-reentrant model


 *************** function _dispLCD_init *****************
 Defined at:
		line 137 in file "Display_LCD.c"
 Parameters:    Size  Location     Type
		None
 Auto vars:     Size  Location     Type
		None
 Return value:  Size  Location     Type
                  1    wreg      void 
 Registers used:
		wreg, status,2, status,0, pclath, cstack
 Tracked objects:
		On entry : 
		On exit  : 
		Unchanged: 
 Data sizes:     COMMON   BANK0   BANK1   BANK3   BANK2
      Params:         0       0       0       0       0
      Locals:         0       0       0       0       0
      Temps:          0       0       0       0       0
      Totals:         0       0       0       0       0
Total ram usage:        0 bytes
 Hardware stack levels used:    1
 Hardware stack levels required when called:    1
 This function calls:
		_dispLCD_instReg
 This function is called by:
		_main
 This function uses a non-reentrant model


 *************** function _dispLCD *****************
 Defined at:
		line 155 in file "Display_LCD.c"
 Parameters:    Size  Location     Type
  lin             1    wreg     unsigned char 
  col             1    6[COMMON] unsigned char 
  str             2    7[COMMON] PTR const unsigned char 
		 -> STR_9(17), STR_8(17), STR_7(17), STR_6(17), 
		 -> STR_5(17), STR_4(17), STR_3(17), STR_2(17), 
		 -> STR_1(17), main@password(5), 
 Auto vars:     Size  Location     Type
  lin             1   11[COMMON] unsigned char 
  pos             1   10[COMMON] unsigned char 
 Return value:  Size  Location     Type
                  1    wreg      void 
 Registers used:
		wreg, fsr0l, fsr0h, status,2, status,0, btemp+1, pclath, cstack
 Tracked objects:
		On entry : 
		On exit  : 
		Unchanged: 
 Data sizes:     COMMON   BANK0   BANK1   BANK3   BANK2
      Params:         3       0       0       0       0
      Locals:         2       0       0       0       0
      Temps:          1       0       0       0       0
      Totals:         6       0       0       0       0
Total ram usage:        6 bytes
 Hardware stack levels used:    1
 Hardware stack levels required when called:    2
 This function calls:
		_dispLCD_dataReg
		_dispLCD_lincol
 This function is called by:
		_main
 This function uses a non-reentrant model


 *************** function _dispLCD_lincol *****************
 Defined at:
		line 131 in file "Display_LCD.c"
 Parameters:    Size  Location     Type
  lin             1    wreg     unsigned char 
  col             1    3[COMMON] unsigned char 
 Auto vars:     Size  Location     Type
  lin             1    5[COMMON] unsigned char 
 Return value:  Size  Location     Type
                  1    wreg      void 
 Registers used:
		wreg, status,2, status,0, pclath, cstack
 Tracked objects:
		On entry : 
		On exit  : 
		Unchanged: 
 Data sizes:     COMMON   BANK0   BANK1   BANK3   BANK2
      Params:         1       0       0       0       0
      Locals:         1       0       0       0       0
      Temps:          1       0       0       0       0
      Totals:         3       0       0       0       0
Total ram usage:        3 bytes
 Hardware stack levels used:    1
 Hardware stack levels required when called:    1
 This function calls:
		_dispLCD_instReg
 This function is called by:
		_dispLCD
 This function uses a non-reentrant model


 *************** function _dispLCD_instReg *****************
 Defined at:
		line 82 in file "Display_LCD.c"
 Parameters:    Size  Location     Type
  i               1    wreg     unsigned char 
 Auto vars:     Size  Location     Type
  i               1    2[COMMON] unsigned char 
 Return value:  Size  Location     Type
                  1    wreg      void 
 Registers used:
		wreg, status,2, status,0
 Tracked objects:
		On entry : 
		On exit  : 
		Unchanged: 
 Data sizes:     COMMON   BANK0   BANK1   BANK3   BANK2
      Params:         0       0       0       0       0
      Locals:         1       0       0       0       0
      Temps:          2       0       0       0       0
      Totals:         3       0       0       0       0
Total ram usage:        3 bytes
 Hardware stack levels used:    1
 This function calls:
		Nothing
 This function is called by:
		_dispLCD_lincol
		_dispLCD_init
		_dispLCD_clr
 This function uses a non-reentrant model


 *************** function _dispLCD_dataReg *****************
 Defined at:
		line 115 in file "Display_LCD.c"
 Parameters:    Size  Location     Type
  d               1    wreg     unsigned char 
 Auto vars:     Size  Location     Type
  d               1    2[COMMON] unsigned char 
 Return value:  Size  Location     Type
                  1    wreg      void 
 Registers used:
		wreg, status,2, status,0
 Tracked objects:
		On entry : 
		On exit  : 
		Unchanged: 
 Data sizes:     COMMON   BANK0   BANK1   BANK3   BANK2
      Params:         0       0       0       0       0
      Locals:         1       0       0       0       0
      Temps:          2       0       0       0       0
      Totals:         3       0       0       0       0
Total ram usage:        3 bytes
 Hardware stack levels used:    1
 This function calls:
		Nothing
 This function is called by:
		_dispLCD
 This function uses a non-reentrant model


 *************** function _delay *****************
 Defined at:
		line 4 in file "delay.c"
 Parameters:    Size  Location     Type
  t               2    0[COMMON] unsigned int 
 Auto vars:     Size  Location     Type
		None
 Return value:  Size  Location     Type
                  1    wreg      void 
 Registers used:
		wreg, status,2, status,0
 Tracked objects:
		On entry : 
		On exit  : 
		Unchanged: 
 Data sizes:     COMMON   BANK0   BANK1   BANK3   BANK2
      Params:         2       0       0       0       0
      Locals:         0       0       0       0       0
      Temps:          1       0       0       0       0
      Totals:         3       0       0       0       0
Total ram usage:        3 bytes
 Hardware stack levels used:    1
 This function calls:
		Nothing
 This function is called by:
		_main
 This function uses a non-reentrant model



MODULE INFORMATION

Module		Function		Class		Link	Load	Size
delay.c
		_delay         		CODE           	045B	0000	24

delay.c estimated size: 24

teclado.c
		_teclado       		CODE           	051A	0000	101
		_teclado_init  		CODE           	042A	0000	12

teclado.c estimated size: 113

Display_LCD.c
		_dispLCD_lincol		CODE           	0435	0000	20
		_dispLCD_dataReg		CODE           	04B0	0000	48
		_dispLCD_instReg		CODE           	057E	0000	129
		_dispLCD       		CODE           	04DF	0000	60
		_dispLCD_init  		CODE           	048C	0000	37

Display_LCD.c estimated size: 294

shared
		__stringtab    		STRING         	0003	0000	17
		__initialization		CODE           	07EE	0000	15

shared estimated size: 32

main.c
		_main          		CODE           	05FE	0000	497

main.c estimated size: 497

